Creando contenedor aBIsCWYl usando la imagen bajo_ram...
90269c9c7cfa8513143fb673a3fcc6984a33780bde3b7c54699f29b2bd8cf23b
Contenedor aBIsCWYl creado exitosamente.
Creando contenedor 40kVsV98 usando la imagen bajo_ram...
617f31ef418116a7dde6bc7393374bd60a2834bc247281739d077bef8ce2f58e
Contenedor 40kVsV98 creado exitosamente.
Creando contenedor xXodg2Wl usando la imagen alto_cpu...
42223fee671d76d0d27bb6e8ce28ec3a0b329e55546b76e7bcaf95d94aed4cce
Contenedor xXodg2Wl creado exitosamente.
Creando contenedor U6BaL8aW usando la imagen bajo_cpu...
4a0de17019db80fc571bad8fa5368dfce121aa7a78708c0218f6eff6e62e3acd
Contenedor U6BaL8aW creado exitosamente.
Creando contenedor KnmJvder usando la imagen alto_cpu...
697c589feb0a7636ea64da1200fd8a026664c611609190ca2b9b9bb7b7292d17
Contenedor KnmJvder creado exitosamente.
Creando contenedor Ot1VKWbN usando la imagen alto_cpu...
9c3e2f9d2b562491b05722630cd90a69bf7d41f5dfcc7da42f0725a2c3a35ccc
Contenedor Ot1VKWbN creado exitosamente.
Creando contenedor AfwUcqPX usando la imagen bajo_ram...
67a62026f1a7ef1ba2311b5c5063fc24c164a5f29f863e0611b11ce74d601644
Contenedor AfwUcqPX creado exitosamente.
Creando contenedor 3Wc9ceyL usando la imagen bajo_ram...
302e936eb7efd0f3f6fa764ef05bad21740eaa466fdfdf067f978f26720e7ab7
Contenedor 3Wc9ceyL creado exitosamente.
Creando contenedor vqJkr9Ri usando la imagen bajo_cpu...
21e051a9d3f88adebf055e0f28fbbb6d0a2b4dcec3dcd882b8e5d797a8335fa5
Contenedor vqJkr9Ri creado exitosamente.
Creando contenedor pBoiuDZY usando la imagen alto_ram...
e8032b163b07eace6392c5b75156a20218be10dc83b5d6c261467ce7dd6f65ad
Contenedor pBoiuDZY creado exitosamente.
